2026-08-27 22:25:18,544 [INFO] === テーマ案生成開始（count=10, dry_run=False） ===
2026-08-27 22:25:18,582 [ERROR] テーマ案生成に失敗しました: 'NoneType' object is not subscriptable
2026-08-27 22:25:18,583 [INFO] === テーマ案生成失敗 ===
2026-08-27 22:45:05,999 [INFO] === テーマ案生成開始（count=10, dry_run=False） ===
2026-08-27 22:45:31,224 [INFO] 10件のテーマ案を C:\Users\mikic\OneDrive\デスクトップ\YouTubeChannel\channels\food-convenience\research\theme-stock.xlsx に追記しました。
2026-08-27 22:45:31,224 [INFO] === テーマ案生成成功 ===
2026-08-27 22:53:33,737 [INFO] === テーマ案生成開始（count=6, dry_run=False） ===
2026-08-27 22:54:03,256 [INFO] 6件のテーマ案を channels\food-convenience\research\theme-stock-test.xlsx に追記しました。
2026-08-27 22:54:03,256 [INFO] === テーマ案生成成功 ===
2026-08-27 23:09:31,563 [INFO] === テーマ案生成開始（count=10, dry_run=False） ===
2026-08-27 23:10:11,089 [INFO] 10件のテーマ案を C:\Users\mikic\OneDrive\デスクトップ\YouTubeChannel\channels\food-convenience\research\theme-stock.xlsx に追記しました。
2026-08-27 23:10:11,089 [INFO] === テーマ案生成成功 ===
2026-08-27 23:25:37,965 [INFO] === テーマ案生成開始（count=10, dry_run=False） ===
2026-08-27 23:26:06,737 [INFO] 10件のテーマ案を C:\Users\mikic\OneDrive\デスクトップ\YouTubeChannel\channels\food-convenience\research\theme-stock.xlsx に追記しました。
2026-08-27 23:26:06,737 [INFO] === テーマ案生成成功 ===
2026-08-27 23:44:44,026 [INFO] === テーマ案生成開始（count=10, dry_run=True） ===
2026-08-27 23:44:44,045 [INFO] 10件のテーマ案を channels\food-convenience\research\theme-stock-refactor-test.xlsx に追記しました。
2026-08-27 23:44:44,045 [INFO] === テーマ案生成成功 ===
2026-08-28 00:14:49,479 [INFO] === テーマ案生成開始（count=10, dry_run=True） ===
2026-08-28 00:14:49,503 [INFO] 10件のテーマ案を channels\food-convenience\research\theme-stock-move-test.xlsx に追記しました。
2026-08-28 00:14:49,504 [INFO] === テーマ案生成成功 ===
2026-08-28 00:15:09,013 [INFO] === テーマ案生成開始（count=10, dry_run=False） ===
2026-08-28 00:15:50,268 [INFO] 10件のテーマ案を C:\Users\mikic\OneDrive\デスクトップ\YouTubeChannel\channels\food-convenience\research\theme-stock.xlsx に追記しました。
2026-08-28 00:15:50,268 [INFO] === テーマ案生成成功 ===
2026-08-28 00:16:31,176 [INFO] === テーマ案生成開始（count=10, dry_run=False） ===
2026-08-28 00:16:56,507 [INFO] 10件のテーマ案を C:\Users\mikic\OneDrive\デスクトップ\YouTubeChannel\channels\food-convenience\research\theme-stock.xlsx に追記しました。
2026-08-28 00:16:56,507 [INFO] === テーマ案生成成功 ===
2026-08-28 13:30:33,497 [INFO] === テーマ案生成開始（count=10, dry_run=False） ===
2026-08-28 13:31:40,827 [INFO] 速報ニュースを3件検出しました。
2026-08-28 13:32:17,212 [INFO] 10件のテーマ案を channels\food-convenience\research\theme-stock-news-test.xlsx に追記しました。
2026-08-28 13:32:17,212 [INFO] === テーマ案生成成功 ===
2026-08-28 13:32:47,829 [INFO] === テーマ案生成開始（count=10, dry_run=True） ===
2026-08-28 13:32:47,852 [INFO] 10件のテーマ案を channels\food-convenience\research\theme-stock-dryrun-test.xlsx に追記しました。
2026-08-28 13:32:47,852 [INFO] === テーマ案生成成功 ===
2026-08-28 13:35:16,521 [INFO] === テーマ案生成開始（count=10, dry_run=True） ===
2026-08-28 13:36:39,176 [INFO] 速報ニュースを3件検出しました。
2026-08-28 13:36:39,215 [INFO] 10件のテーマ案を channels\food-convenience\research\theme-stock-dryrun-verify.xlsx に追記しました。
2026-08-28 13:36:39,215 [INFO] === テーマ案生成成功 ===
2026-08-28 13:37:04,240 [INFO] === テーマ案生成開始（count=10, dry_run=False） ===
2026-08-28 13:38:47,227 [INFO] 速報ニュースを3件検出しました。
2026-08-28 13:39:34,769 [INFO] 10件のテーマ案を C:\Users\mikic\OneDrive\デスクトップ\YouTubeChannel\channels\food-convenience\research\theme-stock.xlsx に追記しました。
2026-08-28 13:39:34,770 [INFO] === テーマ案生成成功 ===
2026-08-30 22:17:30,958 [INFO] === テーマ案生成開始（count=10, dry_run=True） ===
2026-08-30 22:20:13,832 [INFO] 速報ニュースを1件検出しました。
2026-08-30 22:20:13,885 [INFO] 10件のテーマ案を C:\Users\mikic\OneDrive\デスクトップ\YouTubeChannel\channels\food-convenience\research\theme-stock.xlsx に追記しました。
2026-08-30 22:20:13,886 [INFO] === テーマ案生成成功 ===
2026-08-30 22:25:19,599 [INFO] === テーマ案生成開始（count=10, dry_run=False） ===
2026-08-30 22:26:42,698 [WARNING] 速報ニュース検索に失敗したため、通常のテーマ生成のみ行います: 速報ニュースのJSONを解析できませんでした。内容:
検索結果を踏まえ、期間内（2026-08-23〜08-30）で確認できた実在ニュースをまとめます。

[
{"theme": "コンビニ各社がおにぎりを値下げ", "reason": "米あまりで米価が下落し、ローソンは9月29日から手巻おにぎり計20品を10〜11円値下げ（シーチキンマヨネーズ181→171円等）、セブン-イレブンは9月8日から「炭火焼銀しゃけ」等を232→213円に、ファミリーマートは「大きなおむすび昆布とツナマヨネーズ」を320→298円に値下げ（2026年8月24日発表、出典: https://www.jiji.com/jc/article?k=2026082400639&g=eco ）。"},
{"theme": "業務スーパーに8月の新商品が登場", "reason": "業務スーパーで「鶏屋さんのタルタルチキンカツ」「冷凍小分け讃岐うどん」「お手軽スポンジシート（チョコ）」など8月の注目新商品3選が紹介された（2026年8月25日掲載、出典: https://manetatsu.com/article/2026/08/25/467552.html ）。"},
{"theme": "ローソンから週替わり新商品が発売", "reason": "ローソンで8月25日発売の「今週の新商品」として「もちもち食感つぶあんきなこ4個入り」（170.64円）など複数商品が登場（出典: https://news.mynavi.jp/article/20260824-4858245/ ）。"}
]
2026-08-30 22:27:37,544 [INFO] 10件のテーマ案を C:\Users\mikic\OneDrive\デスクトップ\YouTubeChannel\channels\food-convenience\research\theme-stock.xlsx に追記しました。
2026-08-30 22:27:37,545 [INFO] === テーマ案生成成功 ===
2026-09-02 09:05:53,400 [INFO] === テーマ案生成開始（count=10, dry_run=False） ===
2026-09-02 09:08:55,105 [INFO] 速報ニュースを3件検出しました。
2026-09-02 09:09:21,784 [ERROR] テーマ案生成に失敗しました: テーマ案のJSONを解析できませんでした。内容:
このセッションでは`automation`フォルダ外へのアクセスが許可されていないため、`../research/theme-stock.xlsx`と`../docks/01-concept.md`を直接読めません。この2ファイルへのアクセス許可をいただくか、内容を貼り付けていただけますか？

(既存テーマの重複回避のため、theme-stock.xlsxの中身確認が必須なので、これがないと正確な提案ができません。)
2026-09-02 09:09:21,785 [INFO] === テーマ案生成失敗 ===
2026-09-02 09:10:05,240 [INFO] === テーマ案生成開始（count=10, dry_run=False） ===
2026-09-02 09:12:11,305 [INFO] 速報ニュースを3件検出しました。
2026-09-02 09:12:46,378 [INFO] 10件のテーマ案を C:\Users\mikic\OneDrive\デスクトップ\YouTubeChannel\channels\food-convenience\research\theme-stock.xlsx に追記しました。
2026-09-02 09:12:46,378 [INFO] === テーマ案生成成功 ===
2026-09-02 22:23:34,828 [INFO] === テーマ案生成開始（count=10, dry_run=False） ===
2026-09-02 22:25:07,372 [INFO] 速報ニュースを3件検出しました。
2026-09-02 22:26:00,756 [INFO] 10件のテーマ案を C:\Users\mikic\OneDrive\デスクトップ\YouTubeChannel\channels\food-convenience\research\theme-stock.xlsx に追記しました。
2026-09-02 22:26:00,757 [INFO] === テーマ案生成成功 ===
